[fontawesome.io/index.html]
[fontawesome.io/assets/ico/favicon.ico]
[backblue.gif]
[fade.gif]
[index.html]
[fontawesome.io/assets/css/site.css]
[fontawesome.io/assets/css/pygments.css]
[fontawesome.io/assets/font-awesome/css/font-awesome.css]
[use.fonticons.com/ffe176a3.js]
[www.google-analytics.com/ga.js]
[s3.buysellads.com/ac/bsa.js]
[fontawesome.io/index1c42.html]
[fontawesome.io/whats-new/index.html]
[fontawesome.io/get-started/index.html]
[fontawesome.io/icons/index.html]
[fontawesome.io/examples/index.html]
[fontawesome.io/accessibility/index.html]
[fontawesome.io/community/index.html]
[fontawesome.io/store/index.html]
[fontawesome.io/license/index.html]
[fontawesome.io/3.2.1/index.html]
[fontawesome.io/assets/font-awesome-4.6.3.zip]
[cdn.fusionads.net/fusion5482.js]
[fontawesome.io/cheatsheet/index.html]
[fontawesome.io/assets/img/logo-wpbeginner.png]
[fontawesome.io/assets/img/logo-themeisle.png]
[ajax.googleapis.com/ajax/libs/jquery/1.11.3/jquery.min.js]
[ajax.aspnetcdn.com/ajax/jquery.validate/1.13.1/jquery.validate.min.js]
[platform.twitter.com/widgets.js]
[maxcdn.bootstrapcdn.com/bootstrap/3.3.5/js/bootstrap.min.js]
[cdn.jsdelivr.net/algoliasearch/3.13.1/algoliasearch.jquery.min.js]
[cdn.jsdelivr.net/underscorejs/1.8.3/underscore-min.js]
[cdn.jsdelivr.net/algoliasearch.helper/2.9.1/algoliasearch.helper.min.js]
[cdn.jsdelivr.net/jsdelivr-rum/1.5/jsdelivr-rum.min.js]
[cdn.jsdelivr.net/backbonejs/1.2.2/backbone-min.js]
[fontawesome.io/assets/js/site.js]
[fontawesome.io/assets/js/search.js]
[fontawesome.io/index.html]
[connect.facebook.net/en_US/fbevents.js]
[fontawesome.io/assets/css/fonts/glyphicons-halflings-regular.18.delayed]
[fontawesome.io/assets/css/fonts/glyphicons-halflings-regular.19d41d.delayed]
[fontawesome.io/assets/css/fonts/glyphicons-halflings-regular.1a.delayed]
[fontawesome.io/assets/css/fonts/glyphicons-halflings-regular.1b.delayed]
[fontawesome.io/assets/css/fonts/glyphicons-halflings-regular.1c.delayed]
[fontawesome.io/assets/css/fonts/glyphicons-halflings-regular.1d.delayed]
[fontawesome.io/assets/css/site.css]
[fontawesome.io/assets/css/pygments.css]
[fontawesome.io/assets/font-awesome/fonts/fontawesome-webfont5b62.eot]
[fontawesome.io/assets/font-awesome/fonts/fontawesome-webfontd41d.eot]
[fontawesome.io/assets/font-awesome/fonts/fontawesome-webfont5b62.woff2]
[fontawesome.io/assets/font-awesome/fonts/fontawesome-webfont5b62.woff]
[fontawesome.io/assets/font-awesome/css/font-awesome.css]
[fontawesome.io/index1c42.html]
[fontawesome.io/icon/american-sign-language-interpreting/index.html]
[fontawesome.io/assets/font-awesome/fonts/fontawesome-webfont5b62.svg]
[fontawesome.io/icon/assistive-listening-systems/index.html]
[fontawesome.io/icon/audio-description/index.html]
[fontawesome.io/icon/blind/index.html]
[fontawesome.io/icon/braille/index.html]
[fontawesome.io/assets/font-awesome/fonts/fontawesome-webfont5b62.ttf]
[fontawesome.io/icon/deaf/index.html]
[fontawesome.io/icon/envira/index.html]
[fontawesome.io/icon/font-awesome/index.html]
[fontawesome.io/icon/first-order/index.html]
[fontawesome.io/icon/gitlab/index.html]
[fontawesome.io/icon/glide/index.html]
[fontawesome.io/icon/glide-g/index.html]
[fontawesome.io/icon/google-plus-official/index.html]
[fontawesome.io/icon/instagram/index.html]
[fontawesome.io/icon/low-vision/index.html]
[fontawesome.io/icon/pied-piper/index.html]
[fontawesome.io/icon/question-circle-o/index.html]
[fontawesome.io/icon/snapchat/index.html]
[fontawesome.io/icon/sign-language/index.html]
[fontawesome.io/icon/snapchat-ghost/index.html]
[fontawesome.io/icon/snapchat-square/index.html]
[fontawesome.io/icon/themeisle/index.html]
[fontawesome.io/icon/universal-access/index.html]
[fontawesome.io/icon/viadeo/index.html]
[fontawesome.io/icon/viadeo-square/index.html]
[fontawesome.io/icon/volume-control-phone/index.html]
[fontawesome.io/icon/wheelchair-alt/index.html]
[fontawesome.io/icon/wpbeginner/index.html]
[fontawesome.io/icon/wpforms/index.html]
[fontawesome.io/icon/yoast/index.html]
[fontawesome.io/whats-new/index.html]
[fontawesome.io/get-started/index.html]
[fontawesome.io/icon/adjust/index.html]
[fontawesome.io/icon/anchor/index.html]
[fontawesome.io/icon/archive/index.html]
[fontawesome.io/icon/area-chart/index.html]
[fontawesome.io/icon/arrows/index.html]
[fontawesome.io/icon/arrows-h/index.html]
[fontawesome.io/icon/arrows-v/index.html]
[fontawesome.io/icon/asterisk/index.html]
[fontawesome.io/icon/at/index.html]
[fontawesome.io/icon/car/index.html]
[fontawesome.io/icon/balance-scale/index.html]
[fontawesome.io/icon/university/index.html]
[fontawesome.io/icon/ban/index.html]
[fontawesome.io/icon/bar-chart/index.html]
[fontawesome.io/icon/barcode/index.html]
[fontawesome.io/icon/bars/index.html]
[fontawesome.io/icon/battery-empty/index.html]
[fontawesome.io/icon/battery-quarter/index.html]
[fontawesome.io/icon/battery-half/index.html]
[fontawesome.io/icon/battery-three-quarters/index.html]
[fontawesome.io/icon/battery-full/index.html]
[fontawesome.io/icon/bed/index.html]
[fontawesome.io/icon/beer/index.html]
[fontawesome.io/icon/bell/index.html]
[fontawesome.io/icon/bell-o/index.html]
[fontawesome.io/icon/bell-slash-o/index.html]
[fontawesome.io/icon/bell-slash/index.html]
[fontawesome.io/icon/bicycle/index.html]
[fontawesome.io/icon/binoculars/index.html]
[fontawesome.io/icon/birthday-cake/index.html]
[fontawesome.io/icon/bluetooth/index.html]
[fontawesome.io/icon/bluetooth-b/index.html]
[fontawesome.io/icon/bolt/index.html]
[fontawesome.io/icon/bomb/index.html]
[fontawesome.io/icon/book/index.html]
[fontawesome.io/icon/bookmark/index.html]
[fontawesome.io/icon/bookmark-o/index.html]
[fontawesome.io/icon/briefcase/index.html]
[fontawesome.io/icon/bug/index.html]
[fontawesome.io/icon/building/index.html]
[fontawesome.io/icon/building-o/index.html]
[fontawesome.io/icon/bullhorn/index.html]
[fontawesome.io/icon/bullseye/index.html]
[fontawesome.io/icon/bus/index.html]
[fontawesome.io/icon/taxi/index.html]
[fontawesome.io/icon/calculator/index.html]
[fontawesome.io/icon/calendar/index.html]
[fontawesome.io/icon/calendar-check-o/index.html]
[fontawesome.io/icon/calendar-minus-o/index.html]
[fontawesome.io/icon/calendar-o/index.html]
[fontawesome.io/icon/calendar-plus-o/index.html]
[fontawesome.io/icon/calendar-times-o/index.html]
[fontawesome.io/icon/camera/index.html]
[fontawesome.io/icon/camera-retro/index.html]
[fontawesome.io/icon/caret-square-o-down/index.html]
[fontawesome.io/icon/caret-square-o-left/index.html]
[fontawesome.io/icon/caret-square-o-right/index.html]
[fontawesome.io/icon/caret-square-o-up/index.html]
[fontawesome.io/icon/cart-arrow-down/index.html]
[fontawesome.io/icon/cart-plus/index.html]
[fontawesome.io/icon/cc/index.html]
[fontawesome.io/icon/certificate/index.html]
[fontawesome.io/icon/check/index.html]
[fontawesome.io/icon/check-circle/index.html]
[fontawesome.io/icon/check-circle-o/index.html]
[fontawesome.io/icon/check-square/index.html]
[fontawesome.io/icon/check-square-o/index.html]
[fontawesome.io/icon/child/index.html]
[fontawesome.io/icon/circle-o/index.html]
[fontawesome.io/icon/circle/index.html]
[fontawesome.io/icon/circle-o-notch/index.html]
[fontawesome.io/icon/circle-thin/index.html]
[fontawesome.io/icon/clock-o/index.html]
[fontawesome.io/icon/clone/index.html]
[fontawesome.io/icon/times/index.html]
[fontawesome.io/icon/cloud/index.html]
[fontawesome.io/icon/cloud-download/index.html]
[fontawesome.io/icon/cloud-upload/index.html]
[fontawesome.io/icon/code/index.html]
[fontawesome.io/icon/code-fork/index.html]
[fontawesome.io/icon/coffee/index.html]
[fontawesome.io/icon/cog/index.html]
[fontawesome.io/icon/cogs/index.html]
[fontawesome.io/icon/comment/index.html]
[fontawesome.io/icon/comment-o/index.html]
[fontawesome.io/icon/commenting/index.html]
[fontawesome.io/icon/commenting-o/index.html]
[fontawesome.io/icon/comments/index.html]
[fontawesome.io/icon/comments-o/index.html]
[fontawesome.io/icon/compass/index.html]
[fontawesome.io/icon/copyright/index.html]
[fontawesome.io/icon/creative-commons/index.html]
[fontawesome.io/icon/credit-card/index.html]
[fontawesome.io/icon/credit-card-alt/index.html]
[fontawesome.io/icon/crop/index.html]
[fontawesome.io/icon/crosshairs/index.html]
[fontawesome.io/icon/cube/index.html]
[fontawesome.io/icon/cubes/index.html]
[fontawesome.io/icon/cutlery/index.html]
[fontawesome.io/icon/database/index.html]
[fontawesome.io/icon/tachometer/index.html]
[fontawesome.io/icon/desktop/index.html]
[fontawesome.io/icon/diamond/index.html]
[fontawesome.io/icon/dot-circle-o/index.html]
[fontawesome.io/icon/download/index.html]
[fontawesome.io/icon/pencil-square-o/index.html]
[fontawesome.io/icon/ellipsis-h/index.html]
[fontawesome.io/icon/ellipsis-v/index.html]
[fontawesome.io/icon/envelope/index.html]
[fontawesome.io/icon/envelope-o/index.html]
[fontawesome.io/icon/envelope-square/index.html]
[fontawesome.io/icon/eraser/index.html]
[fontawesome.io/icon/exchange/index.html]
[fontawesome.io/icon/exclamation/index.html]
[fontawesome.io/icon/exclamation-circle/index.html]
[fontawesome.io/icon/exclamation-triangle/index.html]
[fontawesome.io/icon/external-link/index.html]
[fontawesome.io/icon/external-link-square/index.html]
[fontawesome.io/icon/eye/index.html]
[fontawesome.io/icon/eye-slash/index.html]
[fontawesome.io/icon/eyedropper/index.html]
[fontawesome.io/icon/fax/index.html]
[fontawesome.io/icon/rss/index.html]
[fontawesome.io/icon/female/index.html]
[fontawesome.io/icon/fighter-jet/index.html]
[fontawesome.io/icon/file-archive-o/index.html]
[fontawesome.io/icon/file-audio-o/index.html]
[fontawesome.io/icon/file-code-o/index.html]
[fontawesome.io/icon/file-excel-o/index.html]
[fontawesome.io/icon/file-image-o/index.html]
[fontawesome.io/icon/file-video-o/index.html]
[fontawesome.io/icon/file-pdf-o/index.html]
[fontawesome.io/icon/file-powerpoint-o/index.html]
[fontawesome.io/icon/file-word-o/index.html]
[fontawesome.io/icon/film/index.html]
[fontawesome.io/icon/filter/index.html]
[fontawesome.io/icon/fire/index.html]
[fontawesome.io/icon/fire-extinguisher/index.html]
[fontawesome.io/icon/flag/index.html]
[fontawesome.io/icon/flag-checkered/index.html]
[fontawesome.io/icon/flag-o/index.html]
[fontawesome.io/icon/flask/index.html]
[fontawesome.io/icon/folder/index.html]
[fontawesome.io/icon/folder-o/index.html]
[fontawesome.io/icon/folder-open/index.html]
[fontawesome.io/icon/folder-open-o/index.html]
[fontawesome.io/icon/frown-o/index.html]
[fontawesome.io/icon/futbol-o/index.html]
[fontawesome.io/icon/gamepad/index.html]
[fontawesome.io/icon/gavel/index.html]
[fontawesome.io/icon/gift/index.html]
[fontawesome.io/icon/glass/index.html]
[fontawesome.io/icon/globe/index.html]
[fontawesome.io/icon/graduation-cap/index.html]
[fontawesome.io/icon/users/index.html]
[fontawesome.io/icon/hand-rock-o/index.html]
[fontawesome.io/icon/hand-paper-o/index.html]
[fontawesome.io/icon/hand-lizard-o/index.html]
[fontawesome.io/icon/hand-peace-o/index.html]
[fontawesome.io/icon/hand-pointer-o/index.html]
[fontawesome.io/icon/hand-scissors-o/index.html]
[fontawesome.io/icon/hand-spock-o/index.html]
[fontawesome.io/icon/hashtag/index.html]
[fontawesome.io/icon/hdd-o/index.html]
[fontawesome.io/icon/headphones/index.html]
[fontawesome.io/icon/heart/index.html]
[fontawesome.io/icon/heartbeat/index.html]
[fontawesome.io/icon/heart-o/index.html]
[fontawesome.io/icon/history/index.html]
[fontawesome.io/icon/home/index.html]
[fontawesome.io/icon/hourglass/index.html]
[fontawesome.io/icon/hourglass-start/index.html]
[fontawesome.io/icon/hourglass-half/index.html]
[fontawesome.io/icon/hourglass-end/index.html]
[fontawesome.io/icon/i-cursor/index.html]
[fontawesome.io/icon/hourglass-o/index.html]
[fontawesome.io/icon/picture-o/index.html]
[fontawesome.io/icon/inbox/index.html]
[fontawesome.io/icon/industry/index.html]
[fontawesome.io/icon/info/index.html]
[fontawesome.io/icon/info-circle/index.html]
[fontawesome.io/icon/key/index.html]
[fontawesome.io/icon/keyboard-o/index.html]
[fontawesome.io/icon/language/index.html]
[fontawesome.io/icon/laptop/index.html]
[fontawesome.io/icon/leaf/index.html]
[fontawesome.io/icon/lemon-o/index.html]
[fontawesome.io/icon/level-down/index.html]
[fontawesome.io/icon/level-up/index.html]
[fontawesome.io/icon/life-ring/index.html]
[fontawesome.io/icon/lightbulb-o/index.html]
[fontawesome.io/icon/line-chart/index.html]
[fontawesome.io/icon/location-arrow/index.html]
[fontawesome.io/icon/lock/index.html]
[fontawesome.io/icon/magic/index.html]
[fontawesome.io/icon/magnet/index.html]
[fontawesome.io/icon/share/index.html]
[fontawesome.io/icon/reply/index.html]
[fontawesome.io/icon/reply-all/index.html]
[fontawesome.io/icon/male/index.html]
[fontawesome.io/icon/map/index.html]
[fontawesome.io/icon/map-marker/index.html]
[fontawesome.io/icon/map-o/index.html]
[fontawesome.io/icon/map-pin/index.html]
[fontawesome.io/icon/map-signs/index.html]
[fontawesome.io/icon/meh-o/index.html]
[fontawesome.io/icon/microphone/index.html]
[fontawesome.io/icon/microphone-slash/index.html]
[fontawesome.io/icon/minus/index.html]
[fontawesome.io/icon/minus-circle/index.html]
[fontawesome.io/icon/minus-square/index.html]
[fontawesome.io/icon/minus-square-o/index.html]
[fontawesome.io/icon/mobile/index.html]
[fontawesome.io/icon/money/index.html]
[fontawesome.io/icon/moon-o/index.html]
[fontawesome.io/icon/mouse-pointer/index.html]
[fontawesome.io/icon/motorcycle/index.html]
[fontawesome.io/icon/music/index.html]
[fontawesome.io/icon/newspaper-o/index.html]
[fontawesome.io/icon/object-group/index.html]
[fontawesome.io/icon/object-ungroup/index.html]
[fontawesome.io/icon/paint-brush/index.html]
[fontawesome.io/icon/paper-plane/index.html]
[fontawesome.io/icon/paper-plane-o/index.html]
[fontawesome.io/icon/paw/index.html]
[fontawesome.io/icon/pencil/index.html]
[fontawesome.io/icon/pencil-square/index.html]
[fontawesome.io/icon/percent/index.html]
[fontawesome.io/icon/phone/index.html]
[fontawesome.io/icon/phone-square/index.html]
[fontawesome.io/icon/pie-chart/index.html]
[fontawesome.io/icon/plane/index.html]
[fontawesome.io/icon/plug/index.html]
[fontawesome.io/icon/plus/index.html]
[fontawesome.io/icon/plus-circle/index.html]
[fontawesome.io/icon/plus-square/index.html]
[fontawesome.io/icon/plus-square-o/index.html]
[fontawesome.io/icon/power-off/index.html]
[fontawesome.io/icon/print/index.html]
[fontawesome.io/icon/puzzle-piece/index.html]
[fontawesome.io/icon/qrcode/index.html]
[fontawesome.io/icon/question/index.html]
[fontawesome.io/icon/question-circle/index.html]
[fontawesome.io/icon/quote-left/index.html]
[fontawesome.io/icon/quote-right/index.html]
[fontawesome.io/icon/random/index.html]
[fontawesome.io/icon/recycle/index.html]
[fontawesome.io/icon/refresh/index.html]
[fontawesome.io/icon/registered/index.html]
[fontawesome.io/icon/retweet/index.html]
[fontawesome.io/icon/road/index.html]
[fontawesome.io/icon/rocket/index.html]
[fontawesome.io/icon/rss-square/index.html]
[fontawesome.io/icon/search/index.html]
[fontawesome.io/icon/search-minus/index.html]
[fontawesome.io/icon/search-plus/index.html]
[fontawesome.io/icon/server/index.html]
[fontawesome.io/icon/share-alt/index.html]
[fontawesome.io/icon/share-alt-square/index.html]
[fontawesome.io/icon/share-square/index.html]
[fontawesome.io/icon/share-square-o/index.html]
[fontawesome.io/icon/shield/index.html]
[fontawesome.io/icon/ship/index.html]
[fontawesome.io/icon/shopping-bag/index.html]
[fontawesome.io/icon/shopping-basket/index.html]
[fontawesome.io/icon/shopping-cart/index.html]
[fontawesome.io/icon/sign-in/index.html]
[fontawesome.io/icon/sign-out/index.html]
[fontawesome.io/icon/signal/index.html]
[fontawesome.io/icon/sitemap/index.html]
[fontawesome.io/icon/sliders/index.html]
[fontawesome.io/icon/smile-o/index.html]
[fontawesome.io/icon/sort/index.html]
[fontawesome.io/icon/sort-alpha-asc/index.html]
[fontawesome.io/icon/sort-alpha-desc/index.html]
[fontawesome.io/icon/sort-amount-asc/index.html]
[fontawesome.io/icon/sort-amount-desc/index.html]
[fontawesome.io/icon/sort-asc/index.html]
[fontawesome.io/icon/sort-desc/index.html]
[fontawesome.io/icon/sort-numeric-asc/index.html]
[fontawesome.io/icon/sort-numeric-desc/index.html]
[fontawesome.io/icon/space-shuttle/index.html]
[fontawesome.io/icon/spinner/index.html]
[fontawesome.io/icon/spoon/index.html]
[fontawesome.io/icon/square/index.html]
[fontawesome.io/icon/square-o/index.html]
[fontawesome.io/icon/star-half/index.html]
[fontawesome.io/icon/star/index.html]
[fontawesome.io/icon/star-half-o/index.html]
[fontawesome.io/icon/star-o/index.html]
[fontawesome.io/icon/sticky-note/index.html]
[fontawesome.io/icon/sticky-note-o/index.html]
[fontawesome.io/icon/street-view/index.html]
[fontawesome.io/icon/suitcase/index.html]
[fontawesome.io/icon/sun-o/index.html]
[fontawesome.io/icon/tablet/index.html]
[fontawesome.io/icon/tag/index.html]
[fontawesome.io/icon/tags/index.html]
[fontawesome.io/icon/tasks/index.html]
[fontawesome.io/icon/television/index.html]
[fontawesome.io/icon/terminal/index.html]
[fontawesome.io/icon/thumb-tack/index.html]
[fontawesome.io/icon/thumbs-down/index.html]
[fontawesome.io/icon/thumbs-o-down/index.html]
[fontawesome.io/icon/thumbs-o-up/index.html]
[fontawesome.io/icon/thumbs-up/index.html]
[fontawesome.io/icon/ticket/index.html]
[fontawesome.io/icon/times-circle/index.html]
[fontawesome.io/icon/tint/index.html]
[fontawesome.io/icon/times-circle-o/index.html]
[fontawesome.io/icon/toggle-off/index.html]
[fontawesome.io/icon/toggle-on/index.html]
[fontawesome.io/icon/trademark/index.html]
[fontawesome.io/icon/trash/index.html]
[fontawesome.io/icon/trash-o/index.html]
[fontawesome.io/icon/tree/index.html]
[fontawesome.io/icon/trophy/index.html]
[fontawesome.io/icon/truck/index.html]
[fontawesome.io/icon/tty/index.html]
[fontawesome.io/icon/umbrella/index.html]
[fontawesome.io/icon/unlock/index.html]
[fontawesome.io/icon/unlock-alt/index.html]
[fontawesome.io/icon/upload/index.html]
[fontawesome.io/icon/user/index.html]
[fontawesome.io/icon/user-plus/index.html]
[fontawesome.io/icon/user-secret/index.html]
[fontawesome.io/icon/user-times/index.html]
[fontawesome.io/icon/video-camera/index.html]
[fontawesome.io/icon/volume-down/index.html]
[fontawesome.io/icon/volume-off/index.html]
[fontawesome.io/icon/volume-up/index.html]
[fontawesome.io/icon/wheelchair/index.html]
[fontawesome.io/icon/wifi/index.html]
[fontawesome.io/icon/wrench/index.html]
[fontawesome.io/icon/hand-o-down/index.html]
[fontawesome.io/icon/hand-o-left/index.html]
[fontawesome.io/icon/hand-o-right/index.html]
[fontawesome.io/icon/hand-o-up/index.html]
[fontawesome.io/icon/ambulance/index.html]
[fontawesome.io/icon/subway/index.html]
[fontawesome.io/icon/train/index.html]
[fontawesome.io/icon/genderless/index.html]
[fontawesome.io/icon/transgender/index.html]
[fontawesome.io/icon/mars/index.html]
[fontawesome.io/icon/mars-double/index.html]
[fontawesome.io/icon/mars-stroke/index.html]
[fontawesome.io/icon/mars-stroke-h/index.html]
[fontawesome.io/icon/mars-stroke-v/index.html]
[fontawesome.io/icon/mercury/index.html]
[fontawesome.io/icon/neuter/index.html]
[fontawesome.io/icon/transgender-alt/index.html]
[fontawesome.io/icon/venus/index.html]
[fontawesome.io/icon/venus-double/index.html]
[fontawesome.io/icon/venus-mars/index.html]
[fontawesome.io/icon/file/index.html]
[fontawesome.io/icon/file-o/index.html]
[fontawesome.io/icon/file-text/index.html]
[fontawesome.io/icon/file-text-o/index.html]
[fontawesome.io/icon/cc-amex/index.html]
[fontawesome.io/icon/cc-diners-club/index.html]
[fontawesome.io/icon/cc-discover/index.html]
[fontawesome.io/icon/cc-jcb/index.html]
[fontawesome.io/icon/cc-mastercard/index.html]
[fontawesome.io/icon/cc-paypal/index.html]
[fontawesome.io/icon/cc-stripe/index.html]
[fontawesome.io/icon/cc-visa/index.html]
[fontawesome.io/icon/google-wallet/index.html]
[fontawesome.io/icon/paypal/index.html]
[fontawesome.io/icon/btc/index.html]
[fontawesome.io/icon/jpy/index.html]
[fontawesome.io/icon/usd/index.html]
[fontawesome.io/icon/eur/index.html]
[fontawesome.io/icon/gbp/index.html]
[fontawesome.io/icon/gg/index.html]
[fontawesome.io/icon/ils/index.html]
[fontawesome.io/icon/gg-circle/index.html]
[fontawesome.io/icon/inr/index.html]
[fontawesome.io/icon/krw/index.html]
[fontawesome.io/icon/rub/index.html]
[fontawesome.io/icon/align-center/index.html]
[fontawesome.io/icon/try/index.html]
[fontawesome.io/icon/align-justify/index.html]
[fontawesome.io/icon/align-left/index.html]
[fontawesome.io/icon/align-right/index.html]
[fontawesome.io/icon/bold/index.html]
[fontawesome.io/icon/link/index.html]
[fontawesome.io/icon/chain-broken/index.html]
[fontawesome.io/icon/clipboard/index.html]
[fontawesome.io/icon/columns/index.html]
[fontawesome.io/icon/files-o/index.html]
[fontawesome.io/icon/scissors/index.html]
[fontawesome.io/icon/outdent/index.html]
[fontawesome.io/icon/floppy-o/index.html]
[fontawesome.io/icon/font/index.html]
[fontawesome.io/icon/header/index.html]
[fontawesome.io/icon/indent/index.html]
[fontawesome.io/icon/italic/index.html]
[fontawesome.io/icon/list/index.html]
[fontawesome.io/icon/list-alt/index.html]
[fontawesome.io/icon/list-ol/index.html]
[fontawesome.io/icon/list-ul/index.html]
[fontawesome.io/icon/paperclip/index.html]
[fontawesome.io/icon/paragraph/index.html]
[fontawesome.io/icon/repeat/index.html]
[fontawesome.io/icon/undo/index.html]
[fontawesome.io/icon/strikethrough/index.html]
[fontawesome.io/icon/subscript/index.html]
[fontawesome.io/icon/superscript/index.html]
[fontawesome.io/icon/table/index.html]
[fontawesome.io/icon/text-height/index.html]
[fontawesome.io/icon/text-width/index.html]
[fontawesome.io/icon/th/index.html]
[fontawesome.io/icon/th-large/index.html]
[fontawesome.io/icon/th-list/index.html]
[fontawesome.io/icon/underline/index.html]
[fontawesome.io/icon/angle-double-down/index.html]
[fontawesome.io/icon/angle-double-left/index.html]
[fontawesome.io/icon/angle-double-right/index.html]
[fontawesome.io/icon/angle-double-up/index.html]
[fontawesome.io/icon/angle-down/index.html]
[fontawesome.io/icon/angle-left/index.html]
[fontawesome.io/icon/angle-right/index.html]
[fontawesome.io/icon/angle-up/index.html]
[fontawesome.io/icon/arrow-circle-down/index.html]
[fontawesome.io/icon/arrow-circle-left/index.html]
[fontawesome.io/icon/arrow-circle-o-down/index.html]
[fontawesome.io/icon/arrow-circle-o-right/index.html]
[fontawesome.io/icon/arrow-circle-o-left/index.html]
[fontawesome.io/icon/arrow-circle-o-up/index.html]
[fontawesome.io/icon/arrow-circle-right/index.html]
[fontawesome.io/icon/arrow-circle-up/index.html]
[fontawesome.io/icon/arrow-down/index.html]
[fontawesome.io/icon/arrow-left/index.html]
[fontawesome.io/icon/arrow-right/index.html]
[fontawesome.io/icon/arrow-up/index.html]
[fontawesome.io/icon/arrows-alt/index.html]
[fontawesome.io/icon/caret-down/index.html]
[fontawesome.io/icon/caret-left/index.html]
[fontawesome.io/icon/caret-right/index.html]
[fontawesome.io/icon/caret-up/index.html]
[fontawesome.io/icon/chevron-circle-down/index.html]
[fontawesome.io/icon/chevron-circle-left/index.html]
[fontawesome.io/icon/chevron-circle-right/index.html]
[fontawesome.io/icon/chevron-circle-up/index.html]
[fontawesome.io/icon/chevron-down/index.html]
[fontawesome.io/icon/chevron-left/index.html]
[fontawesome.io/icon/chevron-right/index.html]
[fontawesome.io/icon/chevron-up/index.html]
[fontawesome.io/icon/long-arrow-down/index.html]
[fontawesome.io/icon/long-arrow-left/index.html]
[fontawesome.io/icon/long-arrow-right/index.html]
[fontawesome.io/icon/long-arrow-up/index.html]
[fontawesome.io/icon/backward/index.html]
[fontawesome.io/icon/compress/index.html]
[fontawesome.io/icon/eject/index.html]
[fontawesome.io/icon/expand/index.html]
[fontawesome.io/icon/fast-backward/index.html]
[fontawesome.io/icon/fast-forward/index.html]
[fontawesome.io/icon/forward/index.html]
[fontawesome.io/icon/pause/index.html]
[fontawesome.io/icon/pause-circle/index.html]
[fontawesome.io/icon/pause-circle-o/index.html]
[fontawesome.io/icon/play/index.html]
[fontawesome.io/icon/play-circle/index.html]
[fontawesome.io/icon/play-circle-o/index.html]
[fontawesome.io/icon/step-backward/index.html]
[fontawesome.io/icon/step-forward/index.html]
[fontawesome.io/icon/stop/index.html]
[fontawesome.io/icon/stop-circle/index.html]
[fontawesome.io/icon/stop-circle-o/index.html]
[fontawesome.io/icon/youtube-play/index.html]
[fontawesome.io/icon/500px/index.html]
[fontawesome.io/icon/adn/index.html]
[fontawesome.io/icon/amazon/index.html]
[fontawesome.io/icon/android/index.html]
[fontawesome.io/icon/angellist/index.html]
[fontawesome.io/icon/apple/index.html]
[fontawesome.io/icon/behance/index.html]
[fontawesome.io/icon/behance-square/index.html]
[fontawesome.io/icon/bitbucket/index.html]
[fontawesome.io/icon/bitbucket-square/index.html]
[fontawesome.io/icon/black-tie/index.html]
[fontawesome.io/icon/buysellads/index.html]
[fontawesome.io/icon/chrome/index.html]
[fontawesome.io/icon/codepen/index.html]
[fontawesome.io/icon/codiepie/index.html]
[fontawesome.io/icon/connectdevelop/index.html]
[fontawesome.io/icon/contao/index.html]
[fontawesome.io/icon/css3/index.html]
[fontawesome.io/icon/dashcube/index.html]
[fontawesome.io/icon/delicious/index.html]
[fontawesome.io/icon/deviantart/index.html]
[fontawesome.io/icon/digg/index.html]
[fontawesome.io/icon/dribbble/index.html]
[fontawesome.io/icon/dropbox/index.html]
[fontawesome.io/icon/drupal/index.html]
[fontawesome.io/icon/edge/index.html]
[fontawesome.io/icon/empire/index.html]
[fontawesome.io/icon/expeditedssl/index.html]
[fontawesome.io/icon/facebook/index.html]
[fontawesome.io/icon/facebook-official/index.html]
[fontawesome.io/icon/firefox/index.html]
[fontawesome.io/icon/facebook-square/index.html]
[fontawesome.io/icon/flickr/index.html]
[fontawesome.io/icon/fonticons/index.html]
[fontawesome.io/icon/fort-awesome/index.html]
[fontawesome.io/icon/forumbee/index.html]
[fontawesome.io/icon/foursquare/index.html]
[fontawesome.io/icon/get-pocket/index.html]
[fontawesome.io/icon/git/index.html]
[fontawesome.io/icon/git-square/index.html]
[fontawesome.io/icon/github/index.html]
[fontawesome.io/icon/github-alt/index.html]
[fontawesome.io/icon/github-square/index.html]
[fontawesome.io/icon/gratipay/index.html]
[fontawesome.io/icon/google/index.html]
[fontawesome.io/icon/google-plus/index.html]
[fontawesome.io/icon/google-plus-square/index.html]
[fontawesome.io/icon/hacker-news/index.html]
[fontawesome.io/icon/houzz/index.html]
[fontawesome.io/icon/html5/index.html]
[fontawesome.io/icon/internet-explorer/index.html]
[fontawesome.io/icon/ioxhost/index.html]
[fontawesome.io/icon/joomla/index.html]
[fontawesome.io/icon/jsfiddle/index.html]
[fontawesome.io/icon/lastfm/index.html]
[fontawesome.io/icon/lastfm-square/index.html]
[fontawesome.io/icon/leanpub/index.html]
[fontawesome.io/icon/linkedin/index.html]
[fontawesome.io/icon/linkedin-square/index.html]
[fontawesome.io/icon/linux/index.html]
[fontawesome.io/icon/maxcdn/index.html]
[fontawesome.io/icon/meanpath/index.html]
[fontawesome.io/icon/medium/index.html]
[fontawesome.io/icon/mixcloud/index.html]
[fontawesome.io/icon/modx/index.html]
[fontawesome.io/icon/odnoklassniki/index.html]
[fontawesome.io/icon/odnoklassniki-square/index.html]
[fontawesome.io/icon/opencart/index.html]
[fontawesome.io/icon/openid/index.html]
[fontawesome.io/icon/opera/index.html]
[fontawesome.io/icon/optin-monster/index.html]
[fontawesome.io/icon/pagelines/index.html]
[fontawesome.io/icon/pied-piper-alt/index.html]
[fontawesome.io/icon/pied-piper-pp/index.html]
[fontawesome.io/icon/pinterest/index.html]
[fontawesome.io/icon/pinterest-p/index.html]
[fontawesome.io/icon/pinterest-square/index.html]
[fontawesome.io/icon/product-hunt/index.html]
[fontawesome.io/icon/qq/index.html]
[fontawesome.io/icon/rebel/index.html]
[fontawesome.io/icon/reddit/index.html]
[fontawesome.io/icon/reddit-alien/index.html]
[fontawesome.io/icon/reddit-square/index.html]
[fontawesome.io/icon/renren/index.html]
[fontawesome.io/icon/safari/index.html]
[fontawesome.io/icon/scribd/index.html]
[fontawesome.io/icon/sellsy/index.html]
[fontawesome.io/icon/shirtsinbulk/index.html]
[fontawesome.io/icon/simplybuilt/index.html]
[fontawesome.io/icon/skyatlas/index.html]
[fontawesome.io/icon/skype/index.html]
[fontawesome.io/icon/slack/index.html]
[fontawesome.io/icon/slideshare/index.html]
[fontawesome.io/icon/soundcloud/index.html]
[fontawesome.io/icon/spotify/index.html]
[fontawesome.io/icon/stack-exchange/index.html]
[fontawesome.io/icon/steam/index.html]
[fontawesome.io/icon/stack-overflow/index.html]
[fontawesome.io/icon/steam-square/index.html]
[fontawesome.io/icon/stumbleupon/index.html]
[fontawesome.io/icon/stumbleupon-circle/index.html]
[fontawesome.io/icon/tencent-weibo/index.html]
[fontawesome.io/icon/trello/index.html]
[fontawesome.io/icon/tripadvisor/index.html]
[fontawesome.io/icon/tumblr/index.html]
[fontawesome.io/icon/tumblr-square/index.html]
[fontawesome.io/icon/twitter/index.html]
[fontawesome.io/icon/twitch/index.html]
[fontawesome.io/icon/twitter-square/index.html]
[fontawesome.io/icon/usb/index.html]
[fontawesome.io/icon/vimeo/index.html]
[fontawesome.io/icon/viacoin/index.html]
[fontawesome.io/icon/vimeo-square/index.html]
[fontawesome.io/icon/vine/index.html]
[fontawesome.io/icon/vk/index.html]
[fontawesome.io/icon/weixin/index.html]
[fontawesome.io/icon/weibo/index.html]
[fontawesome.io/icon/whatsapp/index.html]
[fontawesome.io/icon/wikipedia-w/index.html]
[fontawesome.io/icon/windows/index.html]
[fontawesome.io/icon/wordpress/index.html]
[fontawesome.io/icon/xing/index.html]
[fontawesome.io/icon/xing-square/index.html]
[fontawesome.io/icon/y-combinator/index.html]
[fontawesome.io/icon/yahoo/index.html]
[fontawesome.io/icon/yelp/index.html]
[fontawesome.io/icon/youtube/index.html]
[fontawesome.io/icon/youtube-square/index.html]
[fontawesome.io/icon/h-square/index.html]
[fontawesome.io/icon/hospital-o/index.html]
[fontawesome.io/icon/medkit/index.html]
[fontawesome.io/icons/index.html]
[fontawesome.io/icon/stethoscope/index.html]
[fontawesome.io/icon/user-md/index.html]
[fontawesome.io/get-started/get-started-cdn.2a1.delayed]
[fontawesome.io/examples/path/to/settings.2a3.delayed]
[fontawesome.io/examples/path/to/shopping/cart.2a4.delayed]
[fontawesome.io/examples/index.html]
[fontawesome.io/accessibility/index.html]
[fontawesome.io/community/index.html]
[fontawesome.io/license/index.html]
[ecx.images-amazon.com/images/I/81QUekkdt7L._UX679_.jpg]
[ecx.images-amazon.com/images/I/817wsSl9ScL._UX679_.jpg]
[ecx.images-amazon.com/images/I/71e4BRlSOML._UX679_.jpg]
[github.com/chinchang/hint.html]
[ecx.images-amazon.com/images/I/81U+SAV23IL._UX679_.jpg]
[ecx.images-amazon.com/images/I/81AqlTK02KL._UX679_.jpg]
[ecx.images-amazon.com/images/I/81fPcfH8KkL._UX679_.jpg]
[ecx.images-amazon.com/images/I/81wt4C6gBlL._UX679_.jpg]
[ecx.images-amazon.com/images/I/71pEdMm86PL._UX679_.jpg]
[ecx.images-amazon.com/images/I/81mzUUTrfYL._UX679_.jpg]
[ecx.images-amazon.com/images/I/81AihmIpmUL._UX679_.jpg]
[ecx.images-amazon.com/images/I/812ghxTnRrL._UX679_.jpg]
[ecx.images-amazon.com/images/I/819SDvnOv8L._UX679_.jpg]
[ecx.images-amazon.com/images/I/81nYbDVxo8L._UX679_.jpg]
[ecx.images-amazon.com/images/I/81MMb-JjRNL._UX679_.jpg]
[ecx.images-amazon.com/images/I/715simtOAGL._UX679_.jpg]
[ecx.images-amazon.com/images/I/81Y2BFVgUAL._UX679_.jpg]
[fontawesome.io/store/index.html]
[fontawesome.io/3.2.1/assets/css/site.css]
[fontawesome.io/3.2.1/assets/css/pygments.css]
[fontawesome.io/3.2.1/assets/font-awesome/css/font-awesome.css]
[fontawesome.io/3.2.1/assets/ico/favicon.ico]
[use.typekit.net/wnc7ioh.js]
[fontawesome.io/3.2.1/assets/font-awesome.zip]
[fontawesome.io/3.2.1/get-started/index.html]
[fontawesome.io/3.2.1/icons/index.html]
[fontawesome.io/3.2.1/examples/index.html]
[fontawesome.io/3.2.1/license/index.html]
[fontawesome.io/3.2.1/whats-new/index.html]
[fontawesome.io/3.2.1/community/index.html]
[fontawesome.io/3.2.1/cheatsheet/index.html]
[fontawesome.io/3.2.1/assets/js/ZeroClipboard-1.1.7.min.js]
[fontawesome.io/3.2.1/assets/js/bootstrap-2.3.1.min.js]
[fontawesome.io/3.2.1/index.html]
[fontawesome.io/cheatsheet/index.html]
[ajax.aspnetcdn.com/ajax/jquery.validate/1.13.1/jquery.validate.min.js]
[connect.facebook.net/en_US/fbevents.js]
[fontawesome.io/assets/css/fonts/glyphicons-halflings-regular.html]
[fontawesome.io/assets/css/fonts/glyphicons-halflings-regulard41d.html]
[fontawesome.io/assets/css/fonts/glyphicons-halflings-regular-2.html]
[fontawesome.io/assets/css/fonts/glyphicons-halflings-regular-3.html]
[fontawesome.io/assets/css/fonts/glyphicons-halflings-regular-4.html]
[fontawesome.io/assets/css/fonts/glyphicons-halflings-regular-5.html]
[fontawesome.io/3.2.1/assets/js/site.js]
[fontawesome.io/3.2.1/assets/js/jquery-1.7.1.min.js]
[fontawesome.io/assets/font-awesome/fonts/fontawesome-webfont5b62.svg]
[fontawesome.io/icon/american-sign-language-interpreting/index.html]
[fontawesome.io/icon/assistive-listening-systems/index.html]
[fontawesome.io/icon/audio-description/index.html]
[fontawesome.io/icon/blind/index.html]
[fontawesome.io/icon/braille/index.html]
[fontawesome.io/icon/deaf/index.html]
[fontawesome.io/icon/envira/index.html]
[fontawesome.io/icon/font-awesome/index.html]
[fontawesome.io/icon/first-order/index.html]
[fontawesome.io/icon/gitlab/index.html]
[fontawesome.io/icon/glide/index.html]
[fontawesome.io/icon/glide-g/index.html]
[fontawesome.io/icon/google-plus-official/index.html]
[fontawesome.io/icon/instagram/index.html]
[fontawesome.io/icon/low-vision/index.html]
[fontawesome.io/icon/pied-piper/index.html]
[fontawesome.io/icon/question-circle-o/index.html]
[fontawesome.io/icon/sign-language/index.html]
[fontawesome.io/icon/snapchat/index.html]
[fontawesome.io/icon/snapchat-ghost/index.html]
[fontawesome.io/icon/snapchat-square/index.html]
[fontawesome.io/icon/themeisle/index.html]
[fontawesome.io/icon/universal-access/index.html]
[fontawesome.io/icon/viadeo/index.html]
[fontawesome.io/icon/viadeo-square/index.html]
[fontawesome.io/icon/volume-control-phone/index.html]
[fontawesome.io/icon/wheelchair-alt/index.html]
[fontawesome.io/icon/wpbeginner/index.html]
[fontawesome.io/icon/wpforms/index.html]
[fontawesome.io/icon/yoast/index.html]
[fontawesome.io/icon/adjust/index.html]
[fontawesome.io/icon/anchor/index.html]
[fontawesome.io/icon/archive/index.html]
[fontawesome.io/icon/area-chart/index.html]
[fontawesome.io/icon/arrows/index.html]
[fontawesome.io/icon/arrows-h/index.html]
[fontawesome.io/icon/arrows-v/index.html]
[fontawesome.io/icon/asterisk/index.html]
[fontawesome.io/icon/at/index.html]
[fontawesome.io/icon/car/index.html]
[fontawesome.io/icon/balance-scale/index.html]
[fontawesome.io/icon/ban/index.html]
[fontawesome.io/icon/university/index.html]
[fontawesome.io/icon/bar-chart/index.html]
[fontawesome.io/icon/barcode/index.html]
[fontawesome.io/icon/bars/index.html]
[fontawesome.io/icon/battery-empty/index.html]
[fontawesome.io/icon/battery-quarter/index.html]
[fontawesome.io/icon/battery-half/index.html]
[fontawesome.io/icon/battery-three-quarters/index.html]
[fontawesome.io/icon/battery-full/index.html]
[fontawesome.io/icon/bed/index.html]
[fontawesome.io/icon/beer/index.html]
[fontawesome.io/icon/bell/index.html]
[fontawesome.io/icon/bell-o/index.html]
[fontawesome.io/icon/bell-slash/index.html]
[fontawesome.io/icon/bell-slash-o/index.html]
[fontawesome.io/icon/bicycle/index.html]
[fontawesome.io/icon/binoculars/index.html]
[fontawesome.io/icon/birthday-cake/index.html]
[fontawesome.io/icon/bluetooth/index.html]
[fontawesome.io/icon/bluetooth-b/index.html]
[fontawesome.io/icon/bolt/index.html]
[fontawesome.io/icon/bomb/index.html]
[fontawesome.io/icon/book/index.html]
[fontawesome.io/icon/bookmark/index.html]
[fontawesome.io/icon/bookmark-o/index.html]
[fontawesome.io/icon/briefcase/index.html]
[fontawesome.io/icon/bug/index.html]
[fontawesome.io/icon/building/index.html]
[fontawesome.io/icon/building-o/index.html]
[fontawesome.io/icon/bullhorn/index.html]
[fontawesome.io/icon/bullseye/index.html]
[fontawesome.io/icon/bus/index.html]
[fontawesome.io/icon/taxi/index.html]
[fontawesome.io/icon/calculator/index.html]
[fontawesome.io/icon/calendar/index.html]
[fontawesome.io/icon/calendar-check-o/index.html]
[fontawesome.io/icon/calendar-minus-o/index.html]
[fontawesome.io/icon/calendar-o/index.html]
[fontawesome.io/icon/calendar-plus-o/index.html]
[fontawesome.io/icon/calendar-times-o/index.html]
[fontawesome.io/icon/camera/index.html]
[fontawesome.io/icon/camera-retro/index.html]
[fontawesome.io/icon/caret-square-o-down/index.html]
[fontawesome.io/icon/caret-square-o-left/index.html]
[fontawesome.io/icon/caret-square-o-right/index.html]
[fontawesome.io/icon/caret-square-o-up/index.html]
[fontawesome.io/icon/cart-arrow-down/index.html]
[fontawesome.io/icon/cart-plus/index.html]
[fontawesome.io/icon/cc/index.html]
[fontawesome.io/icon/certificate/index.html]
[fontawesome.io/icon/check/index.html]
[fontawesome.io/icon/check-circle/index.html]
[fontawesome.io/icon/check-circle-o/index.html]
[fontawesome.io/icon/check-square/index.html]
[fontawesome.io/icon/check-square-o/index.html]
[fontawesome.io/icon/child/index.html]
[fontawesome.io/icon/circle/index.html]
[fontawesome.io/icon/circle-o/index.html]
[fontawesome.io/icon/circle-o-notch/index.html]
[fontawesome.io/icon/circle-thin/index.html]
[fontawesome.io/icon/clock-o/index.html]
[fontawesome.io/icon/clone/index.html]
[fontawesome.io/icon/times/index.html]
[fontawesome.io/icon/cloud/index.html]
[fontawesome.io/icon/cloud-download/index.html]
[fontawesome.io/icon/cloud-upload/index.html]
[fontawesome.io/icon/code/index.html]
[fontawesome.io/icon/code-fork/index.html]
[fontawesome.io/icon/coffee/index.html]
[fontawesome.io/icon/cog/index.html]
[fontawesome.io/icon/cogs/index.html]
[fontawesome.io/icon/comment/index.html]
[fontawesome.io/icon/comment-o/index.html]
[fontawesome.io/icon/commenting/index.html]
[fontawesome.io/icon/commenting-o/index.html]
[fontawesome.io/icon/comments/index.html]
[fontawesome.io/icon/comments-o/index.html]
[fontawesome.io/icon/compass/index.html]
[fontawesome.io/icon/copyright/index.html]
[fontawesome.io/icon/creative-commons/index.html]
[fontawesome.io/icon/credit-card/index.html]
[fontawesome.io/icon/credit-card-alt/index.html]
[fontawesome.io/icon/crop/index.html]
[fontawesome.io/icon/crosshairs/index.html]
[fontawesome.io/icon/cube/index.html]
[fontawesome.io/icon/cubes/index.html]
[fontawesome.io/icon/cutlery/index.html]
[fontawesome.io/icon/tachometer/index.html]
[fontawesome.io/icon/database/index.html]
[fontawesome.io/icon/desktop/index.html]
[fontawesome.io/icon/diamond/index.html]
[fontawesome.io/icon/dot-circle-o/index.html]
[fontawesome.io/icon/download/index.html]
[fontawesome.io/icon/pencil-square-o/index.html]
[fontawesome.io/icon/ellipsis-h/index.html]
[fontawesome.io/icon/ellipsis-v/index.html]
[fontawesome.io/icon/envelope/index.html]
[fontawesome.io/icon/envelope-o/index.html]
[fontawesome.io/icon/envelope-square/index.html]
[fontawesome.io/icon/eraser/index.html]
[fontawesome.io/icon/exchange/index.html]
[fontawesome.io/icon/exclamation/index.html]
[fontawesome.io/icon/exclamation-circle/index.html]
[fontawesome.io/icon/exclamation-triangle/index.html]
[fontawesome.io/icon/external-link/index.html]
[fontawesome.io/icon/external-link-square/index.html]
[fontawesome.io/icon/eye/index.html]
[fontawesome.io/icon/eye-slash/index.html]
[fontawesome.io/icon/eyedropper/index.html]
[fontawesome.io/icon/fax/index.html]
[fontawesome.io/icon/rss/index.html]
[fontawesome.io/icon/female/index.html]
[fontawesome.io/icon/fighter-jet/index.html]
[fontawesome.io/icon/file-archive-o/index.html]
[fontawesome.io/icon/file-audio-o/index.html]
[fontawesome.io/icon/file-code-o/index.html]
[fontawesome.io/icon/file-excel-o/index.html]
[fontawesome.io/icon/file-image-o/index.html]
[fontawesome.io/icon/file-video-o/index.html]
[fontawesome.io/icon/file-pdf-o/index.html]
[fontawesome.io/icon/file-powerpoint-o/index.html]
[fontawesome.io/icon/file-word-o/index.html]
[fontawesome.io/icon/film/index.html]
[fontawesome.io/icon/filter/index.html]
[fontawesome.io/icon/fire/index.html]
[fontawesome.io/icon/fire-extinguisher/index.html]
[fontawesome.io/icon/flag/index.html]
[fontawesome.io/icon/flag-checkered/index.html]
[fontawesome.io/icon/flag-o/index.html]
[fontawesome.io/icon/flask/index.html]
[fontawesome.io/icon/folder/index.html]
[fontawesome.io/icon/folder-o/index.html]
[fontawesome.io/icon/folder-open/index.html]
[fontawesome.io/icon/folder-open-o/index.html]
[fontawesome.io/icon/frown-o/index.html]
[fontawesome.io/icon/futbol-o/index.html]
[fontawesome.io/icon/gamepad/index.html]
[fontawesome.io/icon/gavel/index.html]
[fontawesome.io/icon/gift/index.html]
[fontawesome.io/icon/glass/index.html]
[fontawesome.io/icon/globe/index.html]
[fontawesome.io/icon/graduation-cap/index.html]
[fontawesome.io/icon/users/index.html]
[fontawesome.io/icon/hand-rock-o/index.html]
[fontawesome.io/icon/hand-lizard-o/index.html]
[fontawesome.io/icon/hand-paper-o/index.html]
[fontawesome.io/icon/hand-peace-o/index.html]
[fontawesome.io/icon/hand-pointer-o/index.html]
[fontawesome.io/icon/hand-scissors-o/index.html]
[fontawesome.io/icon/hand-spock-o/index.html]
[fontawesome.io/icon/hashtag/index.html]
[fontawesome.io/icon/hdd-o/index.html]
[fontawesome.io/icon/headphones/index.html]
[fontawesome.io/icon/heart/index.html]
[fontawesome.io/icon/heart-o/index.html]
[fontawesome.io/icon/heartbeat/index.html]
[fontawesome.io/icon/history/index.html]
[fontawesome.io/icon/home/index.html]
[fontawesome.io/icon/hourglass/index.html]
[fontawesome.io/icon/hourglass-start/index.html]
[fontawesome.io/icon/hourglass-half/index.html]
[fontawesome.io/icon/hourglass-end/index.html]
[fontawesome.io/icon/hourglass-o/index.html]
[fontawesome.io/icon/i-cursor/index.html]
[fontawesome.io/icon/picture-o/index.html]
[fontawesome.io/icon/inbox/index.html]
[fontawesome.io/icon/industry/index.html]
[fontawesome.io/icon/info/index.html]
[fontawesome.io/icon/info-circle/index.html]
[fontawesome.io/icon/key/index.html]
[fontawesome.io/icon/keyboard-o/index.html]
[fontawesome.io/icon/language/index.html]
[fontawesome.io/icon/laptop/index.html]
[fontawesome.io/icon/leaf/index.html]
[fontawesome.io/icon/lemon-o/index.html]
[fontawesome.io/icon/level-down/index.html]
[fontawesome.io/icon/level-up/index.html]
[fontawesome.io/icon/life-ring/index.html]
[fontawesome.io/icon/lightbulb-o/index.html]
[fontawesome.io/icon/line-chart/index.html]
[fontawesome.io/icon/location-arrow/index.html]
[fontawesome.io/icon/lock/index.html]
[fontawesome.io/icon/magic/index.html]
[fontawesome.io/icon/magnet/index.html]
[fontawesome.io/icon/share/index.html]
[fontawesome.io/icon/reply/index.html]
[fontawesome.io/icon/reply-all/index.html]
[fontawesome.io/icon/male/index.html]
[fontawesome.io/icon/map/index.html]
[fontawesome.io/icon/map-marker/index.html]
[fontawesome.io/icon/map-o/index.html]
[fontawesome.io/icon/map-pin/index.html]
[fontawesome.io/icon/map-signs/index.html]
[fontawesome.io/icon/meh-o/index.html]
[fontawesome.io/icon/microphone/index.html]
[fontawesome.io/icon/microphone-slash/index.html]
[fontawesome.io/icon/minus/index.html]
[fontawesome.io/icon/minus-circle/index.html]
[fontawesome.io/icon/minus-square/index.html]
[fontawesome.io/icon/minus-square-o/index.html]
[fontawesome.io/icon/mobile/index.html]
[fontawesome.io/icon/money/index.html]
[fontawesome.io/icon/moon-o/index.html]
[fontawesome.io/icon/motorcycle/index.html]
[fontawesome.io/icon/mouse-pointer/index.html]
[fontawesome.io/icon/music/index.html]
[fontawesome.io/icon/newspaper-o/index.html]
[fontawesome.io/icon/object-group/index.html]
[fontawesome.io/icon/object-ungroup/index.html]
[fontawesome.io/icon/paint-brush/index.html]
[fontawesome.io/icon/paper-plane/index.html]
[fontawesome.io/icon/paper-plane-o/index.html]
[fontawesome.io/icon/paw/index.html]
[fontawesome.io/icon/pencil/index.html]
[fontawesome.io/icon/pencil-square/index.html]
[fontawesome.io/icon/percent/index.html]
[fontawesome.io/icon/phone/index.html]
[fontawesome.io/icon/phone-square/index.html]
[fontawesome.io/icon/pie-chart/index.html]
[fontawesome.io/icon/plane/index.html]
[fontawesome.io/icon/plug/index.html]
[fontawesome.io/icon/plus/index.html]
[fontawesome.io/icon/plus-circle/index.html]
[fontawesome.io/icon/plus-square/index.html]
[fontawesome.io/icon/plus-square-o/index.html]
[fontawesome.io/icon/power-off/index.html]
[fontawesome.io/icon/print/index.html]
[fontawesome.io/icon/puzzle-piece/index.html]
[fontawesome.io/icon/qrcode/index.html]
[fontawesome.io/icon/question/index.html]
[fontawesome.io/icon/question-circle/index.html]
[fontawesome.io/icon/quote-left/index.html]
[fontawesome.io/icon/quote-right/index.html]
[fontawesome.io/icon/random/index.html]
[fontawesome.io/icon/recycle/index.html]
[fontawesome.io/icon/refresh/index.html]
[fontawesome.io/icon/registered/index.html]
[fontawesome.io/icon/retweet/index.html]
[fontawesome.io/icon/road/index.html]
[fontawesome.io/icon/rocket/index.html]
[fontawesome.io/icon/rss-square/index.html]
[fontawesome.io/icon/search/index.html]
[fontawesome.io/icon/search-minus/index.html]
[fontawesome.io/icon/search-plus/index.html]
[fontawesome.io/icon/server/index.html]
[fontawesome.io/icon/share-alt/index.html]
[fontawesome.io/icon/share-alt-square/index.html]
[fontawesome.io/icon/share-square/index.html]
[fontawesome.io/icon/share-square-o/index.html]
[fontawesome.io/icon/shield/index.html]
[fontawesome.io/icon/ship/index.html]
[fontawesome.io/icon/shopping-bag/index.html]
[fontawesome.io/icon/shopping-basket/index.html]
[fontawesome.io/icon/shopping-cart/index.html]
[fontawesome.io/icon/sign-in/index.html]
[fontawesome.io/icon/sign-out/index.html]
[fontawesome.io/icon/signal/index.html]
[fontawesome.io/icon/sitemap/index.html]
[fontawesome.io/icon/sliders/index.html]
[fontawesome.io/icon/smile-o/index.html]
[fontawesome.io/icon/sort/index.html]
[fontawesome.io/icon/sort-alpha-asc/index.html]
[fontawesome.io/icon/sort-alpha-desc/index.html]
[fontawesome.io/icon/sort-amount-asc/index.html]
[fontawesome.io/icon/sort-amount-desc/index.html]
[fontawesome.io/icon/sort-asc/index.html]
[fontawesome.io/icon/sort-desc/index.html]
[fontawesome.io/icon/sort-numeric-asc/index.html]
[fontawesome.io/icon/sort-numeric-desc/index.html]
[fontawesome.io/icon/space-shuttle/index.html]
[fontawesome.io/icon/spinner/index.html]
[fontawesome.io/icon/spoon/index.html]
[fontawesome.io/icon/square/index.html]
[fontawesome.io/icon/square-o/index.html]
[fontawesome.io/icon/star/index.html]
[fontawesome.io/icon/star-half/index.html]
[fontawesome.io/icon/star-half-o/index.html]
[fontawesome.io/icon/star-o/index.html]
[fontawesome.io/icon/sticky-note/index.html]
[fontawesome.io/icon/sticky-note-o/index.html]
[fontawesome.io/icon/street-view/index.html]
[fontawesome.io/icon/suitcase/index.html]
[fontawesome.io/icon/sun-o/index.html]
[fontawesome.io/icon/tablet/index.html]
[fontawesome.io/icon/tag/index.html]
[fontawesome.io/icon/tags/index.html]
[fontawesome.io/icon/tasks/index.html]
[fontawesome.io/icon/television/index.html]
[fontawesome.io/icon/terminal/index.html]
[fontawesome.io/icon/thumb-tack/index.html]
[fontawesome.io/icon/thumbs-down/index.html]
[fontawesome.io/icon/thumbs-o-down/index.html]
[fontawesome.io/icon/thumbs-o-up/index.html]
[fontawesome.io/icon/thumbs-up/index.html]
[fontawesome.io/icon/ticket/index.html]
[fontawesome.io/icon/times-circle/index.html]
[fontawesome.io/icon/times-circle-o/index.html]
[fontawesome.io/icon/tint/index.html]
[fontawesome.io/icon/toggle-off/index.html]
[fontawesome.io/icon/toggle-on/index.html]
[fontawesome.io/icon/trademark/index.html]
[fontawesome.io/icon/trash/index.html]
[fontawesome.io/icon/trash-o/index.html]
[fontawesome.io/icon/tree/index.html]
[fontawesome.io/icon/trophy/index.html]
[fontawesome.io/icon/truck/index.html]
[fontawesome.io/icon/tty/index.html]
[fontawesome.io/icon/umbrella/index.html]
[fontawesome.io/icon/unlock/index.html]
[fontawesome.io/icon/unlock-alt/index.html]
[fontawesome.io/icon/upload/index.html]
[fontawesome.io/icon/user/index.html]
[fontawesome.io/icon/user-plus/index.html]
[fontawesome.io/icon/user-secret/index.html]
[fontawesome.io/icon/user-times/index.html]
[fontawesome.io/icon/video-camera/index.html]
[fontawesome.io/icon/volume-down/index.html]
[fontawesome.io/icon/volume-off/index.html]
[fontawesome.io/icon/volume-up/index.html]
[fontawesome.io/icon/wheelchair/index.html]
[fontawesome.io/icon/wifi/index.html]
[fontawesome.io/icon/wrench/index.html]
[fontawesome.io/icon/hand-o-down/index.html]
[fontawesome.io/icon/hand-o-left/index.html]
[fontawesome.io/icon/hand-o-right/index.html]
[fontawesome.io/icon/hand-o-up/index.html]
[fontawesome.io/icon/ambulance/index.html]
[fontawesome.io/icon/subway/index.html]
[fontawesome.io/icon/train/index.html]
[fontawesome.io/icon/genderless/index.html]
[fontawesome.io/icon/transgender/index.html]
[fontawesome.io/icon/mars/index.html]
[fontawesome.io/icon/mars-double/index.html]
[fontawesome.io/icon/mars-stroke/index.html]
[fontawesome.io/icon/mars-stroke-h/index.html]
[fontawesome.io/icon/mars-stroke-v/index.html]
[fontawesome.io/icon/mercury/index.html]
[fontawesome.io/icon/neuter/index.html]
[fontawesome.io/icon/transgender-alt/index.html]
[fontawesome.io/icon/venus/index.html]
[fontawesome.io/icon/venus-double/index.html]
[fontawesome.io/icon/venus-mars/index.html]
[fontawesome.io/icon/file/index.html]
[fontawesome.io/icon/file-o/index.html]
[fontawesome.io/icon/file-text/index.html]
[fontawesome.io/icon/file-text-o/index.html]
[fontawesome.io/icon/cc-amex/index.html]
[fontawesome.io/icon/cc-diners-club/index.html]
[fontawesome.io/icon/cc-discover/index.html]
[fontawesome.io/icon/cc-jcb/index.html]
[fontawesome.io/icon/cc-mastercard/index.html]
[fontawesome.io/icon/cc-paypal/index.html]
[fontawesome.io/icon/cc-stripe/index.html]
[fontawesome.io/icon/cc-visa/index.html]
[fontawesome.io/icon/google-wallet/index.html]
[fontawesome.io/icon/paypal/index.html]
[fontawesome.io/icon/btc/index.html]
[fontawesome.io/icon/jpy/index.html]
[fontawesome.io/icon/usd/index.html]
[fontawesome.io/icon/eur/index.html]
[fontawesome.io/icon/gbp/index.html]
[fontawesome.io/icon/gg/index.html]
[fontawesome.io/icon/gg-circle/index.html]
[fontawesome.io/icon/ils/index.html]
[fontawesome.io/icon/inr/index.html]
[fontawesome.io/icon/krw/index.html]
[fontawesome.io/icon/rub/index.html]
[fontawesome.io/icon/try/index.html]
[fontawesome.io/icon/align-center/index.html]
[fontawesome.io/icon/align-justify/index.html]
[fontawesome.io/icon/align-left/index.html]
[fontawesome.io/icon/align-right/index.html]
[fontawesome.io/icon/bold/index.html]
[fontawesome.io/icon/link/index.html]
[fontawesome.io/icon/chain-broken/index.html]
[fontawesome.io/icon/clipboard/index.html]
[fontawesome.io/icon/columns/index.html]
[fontawesome.io/icon/files-o/index.html]
[fontawesome.io/icon/scissors/index.html]
[fontawesome.io/icon/outdent/index.html]
[fontawesome.io/icon/floppy-o/index.html]
[fontawesome.io/icon/font/index.html]
[fontawesome.io/icon/header/index.html]
[fontawesome.io/icon/indent/index.html]
[fontawesome.io/icon/italic/index.html]
[fontawesome.io/icon/list/index.html]
[fontawesome.io/icon/list-alt/index.html]
[fontawesome.io/icon/list-ol/index.html]
[fontawesome.io/icon/list-ul/index.html]
[fontawesome.io/icon/paperclip/index.html]
[fontawesome.io/icon/paragraph/index.html]
[fontawesome.io/icon/repeat/index.html]
[fontawesome.io/icon/undo/index.html]
[fontawesome.io/icon/strikethrough/index.html]
[fontawesome.io/icon/subscript/index.html]
[fontawesome.io/icon/superscript/index.html]
[fontawesome.io/icon/table/index.html]
[fontawesome.io/icon/text-height/index.html]
[fontawesome.io/icon/text-width/index.html]
[fontawesome.io/icon/th/index.html]
[fontawesome.io/icon/th-large/index.html]
[fontawesome.io/icon/th-list/index.html]
[fontawesome.io/icon/underline/index.html]
[fontawesome.io/icon/angle-double-down/index.html]
[fontawesome.io/icon/angle-double-left/index.html]
[fontawesome.io/icon/angle-double-right/index.html]
[fontawesome.io/icon/angle-double-up/index.html]
[fontawesome.io/icon/angle-down/index.html]
[fontawesome.io/icon/angle-left/index.html]
[fontawesome.io/icon/angle-right/index.html]
[fontawesome.io/icon/angle-up/index.html]
[fontawesome.io/icon/arrow-circle-down/index.html]
[fontawesome.io/icon/arrow-circle-left/index.html]
[fontawesome.io/icon/arrow-circle-o-down/index.html]
[fontawesome.io/icon/arrow-circle-o-left/index.html]
[fontawesome.io/icon/arrow-circle-o-right/index.html]
[fontawesome.io/icon/arrow-circle-o-up/index.html]
[fontawesome.io/icon/arrow-circle-right/index.html]
[fontawesome.io/icon/arrow-circle-up/index.html]
[fontawesome.io/icon/arrow-down/index.html]
[fontawesome.io/icon/arrow-left/index.html]
[fontawesome.io/icon/arrow-right/index.html]
[fontawesome.io/icon/arrow-up/index.html]
[fontawesome.io/icon/arrows-alt/index.html]
[fontawesome.io/icon/caret-down/index.html]
[fontawesome.io/icon/caret-left/index.html]
[fontawesome.io/icon/caret-right/index.html]
[fontawesome.io/icon/caret-up/index.html]
[fontawesome.io/icon/chevron-circle-down/index.html]
[fontawesome.io/icon/chevron-circle-left/index.html]
[fontawesome.io/icon/chevron-circle-right/index.html]
[fontawesome.io/icon/chevron-circle-up/index.html]
[fontawesome.io/icon/chevron-down/index.html]
[fontawesome.io/icon/chevron-left/index.html]
[fontawesome.io/icon/chevron-right/index.html]
[fontawesome.io/icon/chevron-up/index.html]
[fontawesome.io/icon/long-arrow-down/index.html]
[fontawesome.io/icon/long-arrow-left/index.html]
[fontawesome.io/icon/long-arrow-right/index.html]
[fontawesome.io/icon/long-arrow-up/index.html]
[fontawesome.io/icon/backward/index.html]
[fontawesome.io/icon/compress/index.html]
[fontawesome.io/icon/eject/index.html]
[fontawesome.io/icon/expand/index.html]
[fontawesome.io/icon/fast-backward/index.html]
[fontawesome.io/icon/fast-forward/index.html]
[fontawesome.io/icon/forward/index.html]
[fontawesome.io/icon/pause/index.html]
[fontawesome.io/icon/pause-circle/index.html]
[fontawesome.io/icon/pause-circle-o/index.html]
[fontawesome.io/icon/play/index.html]
[fontawesome.io/icon/play-circle/index.html]
[fontawesome.io/icon/play-circle-o/index.html]
[fontawesome.io/icon/step-backward/index.html]
[fontawesome.io/icon/step-forward/index.html]
[fontawesome.io/icon/stop/index.html]
[fontawesome.io/icon/stop-circle/index.html]
[fontawesome.io/icon/stop-circle-o/index.html]
[fontawesome.io/icon/youtube-play/index.html]
[fontawesome.io/icon/500px/index.html]
[fontawesome.io/icon/adn/index.html]
[fontawesome.io/icon/amazon/index.html]
[fontawesome.io/icon/android/index.html]
[fontawesome.io/icon/angellist/index.html]
[fontawesome.io/icon/apple/index.html]
[fontawesome.io/icon/behance/index.html]
[fontawesome.io/icon/behance-square/index.html]
[fontawesome.io/icon/bitbucket/index.html]
[fontawesome.io/icon/bitbucket-square/index.html]
[fontawesome.io/icon/black-tie/index.html]
[fontawesome.io/icon/buysellads/index.html]
[fontawesome.io/icon/chrome/index.html]
[fontawesome.io/icon/codepen/index.html]
[fontawesome.io/icon/codiepie/index.html]
[fontawesome.io/icon/connectdevelop/index.html]
[fontawesome.io/icon/contao/index.html]
[fontawesome.io/icon/css3/index.html]
[fontawesome.io/icon/dashcube/index.html]
[fontawesome.io/icon/delicious/index.html]
[fontawesome.io/icon/deviantart/index.html]
[fontawesome.io/icon/digg/index.html]
[fontawesome.io/icon/dribbble/index.html]
[fontawesome.io/icon/dropbox/index.html]
[fontawesome.io/icon/drupal/index.html]
[fontawesome.io/icon/edge/index.html]
[fontawesome.io/icon/empire/index.html]
[fontawesome.io/icon/expeditedssl/index.html]
[fontawesome.io/icon/facebook/index.html]
[fontawesome.io/icon/facebook-official/index.html]
[fontawesome.io/icon/facebook-square/index.html]
[fontawesome.io/icon/firefox/index.html]
[fontawesome.io/icon/flickr/index.html]
[fontawesome.io/icon/fonticons/index.html]
[fontawesome.io/icon/fort-awesome/index.html]
[fontawesome.io/icon/forumbee/index.html]
[fontawesome.io/icon/foursquare/index.html]
[fontawesome.io/icon/get-pocket/index.html]
[fontawesome.io/icon/git/index.html]
[fontawesome.io/icon/git-square/index.html]
[fontawesome.io/icon/github/index.html]
[fontawesome.io/icon/github-alt/index.html]
[fontawesome.io/icon/github-square/index.html]
[fontawesome.io/icon/gratipay/index.html]
[fontawesome.io/icon/google/index.html]
[fontawesome.io/icon/google-plus/index.html]
[fontawesome.io/icon/google-plus-square/index.html]
[fontawesome.io/icon/hacker-news/index.html]
[fontawesome.io/icon/houzz/index.html]
[fontawesome.io/icon/html5/index.html]
[fontawesome.io/icon/internet-explorer/index.html]
[fontawesome.io/icon/ioxhost/index.html]
[fontawesome.io/icon/joomla/index.html]
[fontawesome.io/icon/jsfiddle/index.html]
[fontawesome.io/icon/lastfm/index.html]
[fontawesome.io/icon/lastfm-square/index.html]
[fontawesome.io/icon/leanpub/index.html]
[fontawesome.io/icon/linkedin/index.html]
[fontawesome.io/icon/linkedin-square/index.html]
[fontawesome.io/icon/linux/index.html]
[fontawesome.io/icon/maxcdn/index.html]
[fontawesome.io/icon/meanpath/index.html]
[fontawesome.io/icon/medium/index.html]
[fontawesome.io/icon/mixcloud/index.html]
[fontawesome.io/icon/modx/index.html]
[fontawesome.io/icon/odnoklassniki/index.html]
[fontawesome.io/icon/odnoklassniki-square/index.html]
[fontawesome.io/icon/opencart/index.html]
[fontawesome.io/icon/openid/index.html]
[fontawesome.io/icon/opera/index.html]
[fontawesome.io/icon/optin-monster/index.html]
[fontawesome.io/icon/pagelines/index.html]
[fontawesome.io/icon/pied-piper-alt/index.html]
[fontawesome.io/icon/pied-piper-pp/index.html]
[fontawesome.io/icon/pinterest/index.html]
[fontawesome.io/icon/pinterest-p/index.html]
[fontawesome.io/icon/pinterest-square/index.html]
[fontawesome.io/icon/product-hunt/index.html]
[fontawesome.io/icon/qq/index.html]
[fontawesome.io/icon/rebel/index.html]
[fontawesome.io/icon/reddit/index.html]
[fontawesome.io/icon/reddit-alien/index.html]
[fontawesome.io/icon/reddit-square/index.html]
[fontawesome.io/icon/renren/index.html]
[fontawesome.io/icon/safari/index.html]
[fontawesome.io/icon/scribd/index.html]
[fontawesome.io/icon/sellsy/index.html]
[fontawesome.io/icon/shirtsinbulk/index.html]
[fontawesome.io/icon/simplybuilt/index.html]
[fontawesome.io/icon/skyatlas/index.html]
[fontawesome.io/icon/skype/index.html]
[fontawesome.io/icon/slack/index.html]
[fontawesome.io/icon/slideshare/index.html]
[fontawesome.io/icon/soundcloud/index.html]
[fontawesome.io/icon/spotify/index.html]
[fontawesome.io/icon/stack-exchange/index.html]
[fontawesome.io/icon/stack-overflow/index.html]
[fontawesome.io/icon/steam/index.html]
[fontawesome.io/icon/steam-square/index.html]
[fontawesome.io/icon/stumbleupon/index.html]
[fontawesome.io/icon/stumbleupon-circle/index.html]
[fontawesome.io/icon/tencent-weibo/index.html]
[fontawesome.io/icon/trello/index.html]
[fontawesome.io/icon/tripadvisor/index.html]
[fontawesome.io/icon/tumblr/index.html]
[fontawesome.io/icon/tumblr-square/index.html]
[fontawesome.io/icon/twitch/index.html]
[fontawesome.io/icon/twitter/index.html]
[fontawesome.io/icon/twitter-square/index.html]
[fontawesome.io/icon/usb/index.html]
[fontawesome.io/icon/viacoin/index.html]
[fontawesome.io/icon/vimeo/index.html]
[fontawesome.io/icon/vimeo-square/index.html]
[fontawesome.io/icon/vine/index.html]
[fontawesome.io/icon/vk/index.html]
[fontawesome.io/icon/weixin/index.html]
[fontawesome.io/icon/weibo/index.html]
[fontawesome.io/icon/whatsapp/index.html]
[fontawesome.io/icon/wikipedia-w/index.html]
[fontawesome.io/icon/windows/index.html]
[fontawesome.io/icon/wordpress/index.html]
[fontawesome.io/icon/xing/index.html]
[fontawesome.io/icon/xing-square/index.html]
[fontawesome.io/icon/y-combinator/index.html]
[fontawesome.io/icon/yahoo/index.html]
[fontawesome.io/icon/yelp/index.html]
[fontawesome.io/icon/youtube/index.html]
[fontawesome.io/icon/youtube-square/index.html]
[fontawesome.io/icon/h-square/index.html]
[fontawesome.io/icon/hospital-o/index.html]
[fontawesome.io/icon/medkit/index.html]
[fontawesome.io/icon/stethoscope/index.html]
[fontawesome.io/icon/user-md/index.html]
[fontawesome.io/get-started/get-started-cdn.html]
[fontawesome.io/examples/path/to/settings.html]
[fontawesome.io/examples/path/to/shopping/cart.html]
[assets-cdn.github.com/assets/frameworks-c07ca57e8924150abac5f078c979cff71dc056c6015560c7bf45898e963137e4.css]
[assets-cdn.github.com/assets/site-4a18dc1c93cc7113ea22c7c6b62826f621b52a57f32caea97c682100ac10de36.css]
[assets-cdn.github.com/assets/github-2a4891c1cf0de680dbece3f37929f403f63b2136b359ec4e535e2f0166cd4759.css]
[github.com/fluidicon.png]
[github.com/apple-touch-icon.png]
[github.com/apple-touch-icon-57x57.png]
[github.com/apple-touch-icon-60x60.png]
[github.com/apple-touch-icon-72x72.png]
[github.com/apple-touch-icon-76x76.png]
[github.com/apple-touch-icon-114x114.png]
[github.com/apple-touch-icon-120x120.png]
[github.com/apple-touch-icon-144x144.png]
[github.com/apple-touch-icon-152x152.png]
[github.com/apple-touch-icon-180x180.png]
[github.com/windows-tile.png]
[github.com/chinchang/hint.css/commits/master.atom]
[github.com/login262c.html]
[github.com/chinchang/hint.css/watchers.html]
[github.com/chinchang/hint.css/stargazers.html]
[github.com/chinchang/hint.css/network.html]
[github.com/chinchang/hint.css/issues.html]
[github.com/chinchang/hint.css/pulls.html]
[github.com/chinchang/hint.css/projects.html]
[github.com/chinchang/hint.css/pulse.html]
[github.com/chinchang/hint.css/graphs/contributors.html]
[github.com/chinchang/hint.css/commits/master.html]
[github.com/chinchang/hint.css/branches.2dc.delayed]
[github.com/chinchang/hint.css/releases.html]
[github.com/chinchang/hint.css/blob/master/LICENSE.html]
[github.com/chinchang/hint.css/searchefff.html]
[github.com/chinchang/hint.css/search72d8.html]
[github.com/chinchang/hint.css/searchd9f4.html]
[github.com/chinchang/hint.css/find/master.html]
[github.com/chinchang/hint.css/tree/19-tooltips-on-focus.html]
[github.com/chinchang/hint.css/tree/add-devflow.html]
[github.com/chinchang/hint.css/tree/dev.html]
[github.com/chinchang/hint.css/tree/fixed-width.html]
[github.com/chinchang/hint.css/tree/master.html]
[github.com/chinchang/hint.css/tree/release-2.html]
[github.com/chinchang/hint.css/tree/v2.4.html]
[github.com/chinchang/hint.css/tree/v2.3.html]
[github.com/chinchang/hint.css/tree/v2.3-2.html]
[github.com/chinchang/hint.css/tree/v2.3-3.html]
[github.com/chinchang/hint.css/tree/v2.2.html]
[github.com/chinchang/hint.css/tree/v2.2-2.html]
[github.com/chinchang/hint.css/tree/v2.1.html]
